  >ĵ   J   Cdl'p^&xkA^E m	Q!:E&K>|zl0Ey6bAx˙ZFtJ9i΁<zQn=  ,uqJ-(
MV^By6e%龂h9(V4ږG(ӿHm80ueڼq*ӴF&6kAՖ='X%b6Gߵ;Hd l)7/AP@7yĵ@   `Lx__PŘ`L/_?_9`LW_g_soG9`LC_Q_Z+`Lw'_5_ەt`LEMd㘿`Lo _._vWÄ`L__o _;%Ev`L_+_^&Ё`L__rΟ`L7Ь_Gެ_jr`L__kx `L'_7_/P`L7_G_'Xbr`Lo__K¿d`L$_2_7T`L_'¬_w g\``L__S#%`Lg_w_SW`L_'_0µZ`L+_9_΃~;`Lq__ zC}`LO___#OI`L__o_=Mz`LQ___9^`LW_g_Wj`L_/ɬ_&l{`L__Gdq n`L__m_ <	E`L{_牬_	R"	`L߂__e`L_/_[?<|Z`L__Llq`Lf_t_xi`L_$_"I[2`L?׬_O_K-1R#`L?_Oƭ_s (?t`L<_J_(re`LX_f_s,$]A`L\_j_ο7`Lc_q_{
~&`L9_G_r5д`LU_c_㜜`LN_\_2#7<`L牬__O \; `Lj_x_1}>M`LG_U_yc@,`L__C$1^`L'¬_7Ь_bSY-8;`Lt_߂_c)_q:`L5_C_?^X5#`LG_W_,p`Lw__cK`L._<_8aܳ`L__k5C`L@_N_g1$:`LGެ_W__O`L/ɬ_?׬_3<`Lm_{_(?`L2_@_oz`L__+*`Lg_w'_N`LJ_X_W;e`L__Gb $ĵ    ĵ          149.154.175.50              149.154.167.51              149.154.175.100             149.154.167.91              149.154.171.5               173.240.5.1         7y        !    